// Jest Snapshot v1, https://goo.gl/fbAQLP

exports[`ForecastSummary renders correctly 1`] = `
<DocumentFragment>
  <div
    class="date"
    data-testid="date-id"
  >
    <span>
      Mon 30th Apr
    </span>
  </div>
  <div
    class="temperature"
    data-testid="temperature-id"
  >
    <span>
      11°c
    </span>
  </div>
  <div
    class="description"
    data-testid="description-id"
  >
    <span>
      mockDescription
    </span>
  </div>
  <div
    class="icon"
    data-testid="800"
  >
    <span>
      <i
        class="wi wi-day-sunny"
        name="owm"
      />
    </span>
  </div>
  <button>
    More Details
  </button>
</DocumentFragment>
`;
